Microchip MPLAB XC8 Compiler V2.46

Linker command line:

-W-3 \
  --edf=C:\Program Files\Microchip\xc8\v2.46\pic\dat\20240104201356_en.msgs \
  -cn -h+dist/default/debug\16f877_bringup.X.debug.sym \
  --cmf=dist/default/debug\16f877_bringup.X.debug.cmf -z -Q16F877A \
  -oC:\Users\KASUN~1.BED\AppData\Local\Temp\xcAs2j2o.\driver_tmp_3.o \
  --defsym=__MPLAB_BUILD=1 --fixupoverflow=error \
  -Mdist/default/debug/16f877_bringup.X.debug.map \
  --md=C:\Users\KASUN~1.BED\AppData\Local\Temp\xcAs2j2o.\driver_tmp_0.dat \
  -E1 -ver=XC8 Compiler --acfsm=1493 -ACODE=00h-07FFhx3,01800h-01EFFh \
  -ASTRCODE=00h-01EFFh -ASTRING=00h-0FFhx31 -ACONST=00h-0FFhx31 \
  -AENTRY=00h-0FFhx31 -ACOMMON=071h-07Fh -ABANK0=020h-06Fh \
  -ABANK1=0A0h-0EFh -ABANK2=0110h-016Fh -ABANK3=0190h-01E4h \
  -ARAM=020h-06Fh,0A0h-0EFh,0110h-016Fh,0190h-01E4h \
  -AABS1=020h-07Fh,0A0h-0EFh,0110h-016Fh,0190h-01EFh -ASFR0=00h-01Fh \
  -ASFR1=080h-09Fh -ASFR2=0100h-010Fh -ASFR3=0180h-018Fh \
  -ACONFIG=02007h-02007h -DCONFIG=2 -AIDLOC=02000h-02003h -DIDLOC=2 \
  -AEEDATA=00h-0FFh/02100h -peeprom_data=EEDATA -DEEDATA=2 -DCODE=2 \
  -DSTRCODE=2 -DSTRING=2 -DCONST=2 -DENTRY=2 \
  -preset_vec=00h,intentry=04h,sivt,init,end_init -ppowerup=CODE \
  -pcinit=CODE -pfunctab=ENTRY -k \
  C:\Users\KASUN~1.BED\AppData\Local\Temp\xcAs2j2o.\driver_tmp_12.o \
  dist/default/debug\16f877_bringup.X.debug.o 

Object code version is 3.11

Machine type is 16F877A



                Name                               Link     Load   Length Selector   Space Scale
C:\Users\KASUN~1.BED\AppData\Local\Temp\xcAs2j2o.\driver_tmp_12.o
                end_init                              C        C        3        8       0
                reset_vec                             0        0        4        0       0
                config                             2007     2007        1        0       4
dist/default/debug\16f877_bringup.X.debug.o
                cinit                               7D8      7D8       28      FB0       0
                intentry                              4        4        8        8       0
                config                             2007     2007        1        0       4
                text37                              4B6      4B6        9      96C       0
                text36                              40E      40E        2      81C       0
                text35                              533      533       16      A66       0
                text34                              549      549       16      A92       0
                text33                              4D1      4D1        E      9A2       0
                text32                              4DF      4DF        E      9BE       0
                text31                              4BF      4BF        9      97E       0
                text30                              4ED      4ED        E      9DA       0
                text29                              4C8      4C8        9      990       0
                text28                              50D      50D       13      A1A       0
                text27                              412      412        5      824       0
                text26                              429      429        7      852       0
                text25                              417      417        6      82E       0
                text24                              41D      41D        6      83A       0
                text23                              576      576       1C      AEC       0
                text22                              592      592       25      B24       0
                text21                              55F      55F       17      ABE       0
                text20                              476      476        8      8EC       0
                text19                              430      430        7      860       0
                text18                              437      437        7      86E       0
                text17                              47E      47E        8      8FC       0
                text16                              43E      43E        7      87C       0
                text15                              486      486        8      90C       0
                text14                              445      445        7      88A       0
                text13                              44C      44C        7      898       0
                text12                              48E      48E        8      91C       0
                text11                              453      453        7      8A6       0
                text10                              45A      45A        7      8B4       0
                text9                               496      496        8      92C       0
                text8                               461      461        7      8C2       0
                text7                               49E      49E        8      93C       0
                text6                               468      468        7      8D0       0
                text5                               46F      46F        7      8DE       0
                text4                               423      423        6      846       0
                text3                               4A6      4A6        8      94C       0
                text2                               65E      65E      17A      CBC       0
                text1                               5B7      5B7       3F      B6E       0
                maintext                            5F6      5F6       68      BEC       0
                cstackBANK0                          65       65        2       20       1
                cstackCOMMON                         71       71        7       71       1
                clrtext                             4AE      4AE        8      95C       0
                inittext                            520      520       13      A40       0
                dataBANK0                            51       51       12       20       1
                bssBANK0                             20       20       31       20       1
                dataCOMMON                           7A       7A        2       71       1
                bssCOMMON                            78       78        2       71       1
                nvBANK0                              63       63        2       20       1
                idataBANK0                          4FB      4FB       12      9F6       0
                idataCOMMON                         410      410        2      820       0

TOTAL           Name                               Link     Load   Length     Space
        CLASS   CODE           
                end_init                              C        C        3         0
                cinit                               7D8      7D8       28         0
                intentry                              4        4        8         0
                reset_vec                             0        0        4         0
                text37                              4B6      4B6        9         0
                text36                              40E      40E        2         0
                text35                              533      533       16         0
                text34                              549      549       16         0
                text33                              4D1      4D1        E         0
                text32                              4DF      4DF        E         0
                text31                              4BF      4BF        9         0
                text30                              4ED      4ED        E         0
                text29                              4C8      4C8        9         0
                text28                              50D      50D       13         0
                text27                              412      412        5         0
                text26                              429      429        7         0
                text25                              417      417        6         0
                text24                              41D      41D        6         0
                text23                              576      576       1C         0
                text22                              592      592       25         0
                text21                              55F      55F       17         0
                text20                              476      476        8         0
                text19                              430      430        7         0
                text18                              437      437        7         0
                text17                              47E      47E        8         0
                text16                              43E      43E        7         0
                text15                              486      486        8         0
                text14                              445      445        7         0
                text13                              44C      44C        7         0
                text12                              48E      48E        8         0
                text11                              453      453        7         0
                text10                              45A      45A        7         0
                text9                               496      496        8         0
                text8                               461      461        7         0
                text7                               49E      49E        8         0
                text6                               468      468        7         0
                text5                               46F      46F        7         0
                text4                               423      423        6         0
                text3                               4A6      4A6        8         0
                text2                               65E      65E      17A         0
                text1                               5B7      5B7       3F         0
                maintext                            5F6      5F6       68         0
                clrtext                             4AE      4AE        8         0
                inittext                            520      520       13         0
                idataBANK0                          4FB      4FB       12         0
                idataCOMMON                         410      410        2         0

        CLASS   STRCODE        

        CLASS   STRING         

        CLASS   CONST          

        CLASS   ENTRY          

        CLASS   COMMON         
                cstackCOMMON                         71       71        7         1
                dataCOMMON                           7A       7A        2         1
                bssCOMMON                            78       78        2         1

        CLASS   BANK0          
                cstackBANK0                          65       65        2         1
                dataBANK0                            51       51       12         1
                bssBANK0                             20       20       31         1
                nvBANK0                              63       63        2         1

        CLASS   BANK1          

        CLASS   BANK2          

        CLASS   BANK3          

        CLASS   RAM            

        CLASS   ABS1           
                abs_s1                               7E       7E        2         1

        CLASS   SFR0           

        CLASS   SFR1           

        CLASS   SFR2           

        CLASS   SFR3           

        CLASS   CONFIG         
                config                             2007     2007        1         4

        CLASS   IDLOC          

        CLASS   EEDATA         

        CLASS   HEAP           

        CLASS   STACK          



SEGMENTS        Name                           Load    Length   Top    Selector   Space  Class     Delta

                reset_vec                      000000  000004  000004         0       0  CODE        2
                intentry                       000004  00000B  00000F         8       0  CODE        2
                bssBANK0                       000020  000047  000067        20       1  BANK0       1
                cstackCOMMON                   000071  00000B  00007C        71       1  COMMON      1
                text36                         00040E  000002  000410       81C       0  CODE        2
                idataCOMMON                    000410  000002  000412       820       0  CODE        2
                text27                         000412  000005  000417       824       0  CODE        2
                text25                         000417  000006  00041D       82E       0  CODE        2
                text24                         00041D  000006  000423       83A       0  CODE        2
                text4                          000423  000006  000429       846       0  CODE        2
                text26                         000429  000007  000430       852       0  CODE        2
                text19                         000430  000007  000437       860       0  CODE        2
                text18                         000437  000007  00043E       86E       0  CODE        2
                text16                         00043E  000007  000445       87C       0  CODE        2
                text14                         000445  000007  00044C       88A       0  CODE        2
                text13                         00044C  000007  000453       898       0  CODE        2
                text11                         000453  000007  00045A       8A6       0  CODE        2
                text10                         00045A  000007  000461       8B4       0  CODE        2
                text8                          000461  000007  000468       8C2       0  CODE        2
                text6                          000468  000007  00046F       8D0       0  CODE        2
                text5                          00046F  000007  000476       8DE       0  CODE        2
                text20                         000476  000008  00047E       8EC       0  CODE        2
                text17                         00047E  000008  000486       8FC       0  CODE        2
                text15                         000486  000008  00048E       90C       0  CODE        2
                text12                         00048E  000008  000496       91C       0  CODE        2
                text9                          000496  000008  00049E       92C       0  CODE        2
                text7                          00049E  000008  0004A6       93C       0  CODE        2
                text3                          0004A6  000008  0004AE       94C       0  CODE        2
                clrtext                        0004AE  000008  0004B6       95C       0  CODE        2
                text37                         0004B6  000009  0004BF       96C       0  CODE        2
                text31                         0004BF  000009  0004C8       97E       0  CODE        2
                text29                         0004C8  000009  0004D1       990       0  CODE        2
                text33                         0004D1  00000E  0004DF       9A2       0  CODE        2
                text32                         0004DF  00000E  0004ED       9BE       0  CODE        2
                text30                         0004ED  00000E  0004FB       9DA       0  CODE        2
                idataBANK0                     0004FB  000012  00050D       9F6       0  CODE        2
                text28                         00050D  000013  000520       A1A       0  CODE        2
                inittext                       000520  000013  000533       A40       0  CODE        2
                text35                         000533  000016  000549       A66       0  CODE        2
                text34                         000549  000016  00055F       A92       0  CODE        2
                text21                         00055F  000017  000576       ABE       0  CODE        2
                text23                         000576  00001C  000592       AEC       0  CODE        2
                text22                         000592  000025  0005B7       B24       0  CODE        2
                text1                          0005B7  00003F  0005F6       B6E       0  CODE        2
                maintext                       0005F6  000068  00065E       BEC       0  CODE        2
                text2                          00065E  00017A  0007D8       CBC       0  CODE        2
                cinit                          0007D8  000028  000800       FB0       0  CODE        2


UNUSED ADDRESS RANGES

        Name                Unused          Largest block    Delta
        BANK0            0067-006F              9           1
        BANK1            00A0-00EF             50           1
        BANK2            0110-016F             60           1
        BANK3            0190-01E4             55           1
        CODE             000F-040D            3FF           2
                         0800-1EFF            800
        COMMON           007C-007D              2           1
        CONST            000F-040D            100           2
                         0800-1EFF            100
        EEDATA           2100-21FF            100           2
        ENTRY            000F-040D            100           2
                         0800-1EFF            100
        IDLOC            2000-2003              4           2
        RAM              0067-006F              9           1
                         00A0-00EF             50
                         0110-016F             60
                         0190-01E4             55
        SFR0             0000-001F             20           1
        SFR1             0080-009F             20           1
        SFR2             0100-010F             10           1
        SFR3             0180-018F             10           1
        STRCODE          000F-040D            3FF           2
                         0800-1EFF           1700
        STRING           000F-040D            100           2
                         0800-1EFF            100

                                  Symbol Table

?_ms_timer_get                                  cstackCOMMON 0073
_ADCON1                                         (abs)        009F
_INTCONbits                                     (abs)        000B
_OPTION_REG                                     (abs)        0081
_OPTION_REGbits                                 (abs)        0081
_PIE1bits                                       (abs)        008C
_PIR1bits                                       (abs)        000C
_PORTA                                          (abs)        0005
_PORTA_config                                   text33       04D1
_PORTAbits                                      (abs)        0005
_PORTB                                          (abs)        0006
_PORTB_config                                   text32       04DF
_PORTB_int_isr                                  text37       04B6
_PORTBbits                                      (abs)        0006
_PORTC                                          (abs)        0007
_PORTC_config                                   text31       04BF
_PORTD                                          (abs)        0008
_PORTD_config                                   text30       04ED
_PORTE                                          (abs)        0009
_PORTE_config                                   text29       04C8
_T1CONbits                                      (abs)        0010
_TMR0                                           (abs)        0001
_TMR1H                                          (abs)        000F
_TMR1L                                          (abs)        000E
_TRISAbits                                      (abs)        0085
_TRISBbits                                      (abs)        0086
_TRISCbits                                      (abs)        0087
_TRISDbits                                      (abs)        0088
_TRISEbits                                      (abs)        0089
_Timer0_isr                                     text36       040E
_Timer1_config                                  text28       050D
_Timer1_isr                                     text35       0533
__H__absolute__                                 __absolute__ 0000
__Habs1                                         abs1         0000
__Hbank0                                        bank0        0000
__Hbank1                                        bank1        0000
__Hbank2                                        bank2        0000
__Hbank3                                        bank3        0000
__HbssBANK0                                     bssBANK0     0000
__HbssCOMMON                                    bssCOMMON    0000
__Hcinit                                        cinit        0800
__Hclrtext                                      clrtext      0000
__Hcode                                         code         0000
__Hcommon                                       common       0000
__Hconfig                                       config       2008
__HcstackBANK0                                  cstackBANK0  0000
__HcstackCOMMON                                 cstackCOMMON 0000
__HdataBANK0                                    dataBANK0    0000
__HdataCOMMON                                   dataCOMMON   0000
__Heeprom_data                                  eeprom_data  0000
__Hend_init                                     end_init     000F
__Hfunctab                                      functab      0000
__Hheap                                         heap         0000
__HidataBANK0                                   idataBANK0   0000
__HidataCOMMON                                  idataCOMMON  0000
__Hinit                                         init         000C
__Hinittext                                     inittext     0000
__Hintentry                                     intentry     000C
__Hmaintext                                     maintext     0000
__HnvBANK0                                      nvBANK0      0000
__Hpowerup                                      powerup      0000
__Hram                                          ram          0000
__Hreset_vec                                    reset_vec    0004
__Hsfr0                                         sfr0         0000
__Hsfr1                                         sfr1         0000
__Hsfr2                                         sfr2         0000
__Hsfr3                                         sfr3         0000
__Hsivt                                         sivt         000C
__Hspace_0                                      (abs)        0800
__Hspace_1                                      (abs)        007C
__Hspace_2                                      (abs)        0000
__Hspace_3                                      (abs)        0000
__Hspace_4                                      (abs)        400F
__Hstack                                        stack        0000
__Hstrings                                      strings      0000
__Htext                                         text         0000
__L__absolute__                                 __absolute__ 0000
__Labs1                                         abs1         0000
__Lbank0                                        bank0        0000
__Lbank1                                        bank1        0000
__Lbank2                                        bank2        0000
__Lbank3                                        bank3        0000
__LbssBANK0                                     bssBANK0     0000
__LbssCOMMON                                    bssCOMMON    0000
__Lcinit                                        cinit        07D8
__Lclrtext                                      clrtext      0000
__Lcode                                         code         0000
__Lcommon                                       common       0000
__Lconfig                                       config       0000
__LcstackBANK0                                  cstackBANK0  0000
__LcstackCOMMON                                 cstackCOMMON 0000
__LdataBANK0                                    dataBANK0    0000
__LdataCOMMON                                   dataCOMMON   0000
__Leeprom_data                                  eeprom_data  0000
__Lend_init                                     end_init     000C
__Lfunctab                                      functab      0000
__Lheap                                         heap         0000
__LidataBANK0                                   idataBANK0   0000
__LidataCOMMON                                  idataCOMMON  0000
__Linit                                         init         000C
__Linittext                                     inittext     0000
__Lintentry                                     intentry     0004
__Lmaintext                                     maintext     0000
__LnvBANK0                                      nvBANK0      0000
__Lpowerup                                      powerup      0000
__Lram                                          ram          0000
__Lreset_vec                                    reset_vec    0000
__Lsfr0                                         sfr0         0000
__Lsfr1                                         sfr1         0000
__Lsfr2                                         sfr2         0000
__Lsfr3                                         sfr3         0000
__Lsivt                                         sivt         000C
__Lspace_0                                      (abs)        0000
__Lspace_1                                      (abs)        0000
__Lspace_2                                      (abs)        0000
__Lspace_3                                      (abs)        0000
__Lspace_4                                      (abs)        0000
__Lstack                                        stack        0000
__Lstrings                                      strings      0000
__Ltext                                         text         0000
__S0                                            (abs)        0800
__S1                                            (abs)        007C
__S3                                            (abs)        0000
___heap_hi                                      (abs)        0000
___heap_lo                                      (abs)        0000
___int_sp                                       stack        0000
___int_stack_hi                                 stack        0000
___int_stack_lo                                 stack        0000
___latbits                                      (abs)        0002
___sp                                           stack        0000
___stack_hi                                     stack        0000
___stack_lo                                     stack        0000
___stackhi                                      (abs)        0000
___stacklo                                      (abs)        0000
__end_of_PORTA_config                           text33       04DF
__end_of_PORTB_config                           text32       04ED
__end_of_PORTB_int_isr                          text37       04BF
__end_of_PORTC_config                           text31       04C8
__end_of_PORTD_config                           text30       04FB
__end_of_PORTE_config                           text29       04D1
__end_of_Timer0_isr                             text36       0410
__end_of_Timer1_config                          text28       0520
__end_of_Timer1_isr                             text35       0549
__end_of__initialization                        cinit        07FC
__end_of_button_A                               text27       0417
__end_of_button_B                               text26       0430
__end_of_clear_PORTA_pins                       text17       0486
__end_of_clear_PORTC_pins                       text15       048E
__end_of_clear_PORTE_pins                       text20       047E
__end_of_display_multiplexer_set_green_array    text25       041D
__end_of_display_multiplexer_set_red_array      text24       0423
__end_of_display_multiplexer_task               text2        07D8
__end_of_isr                                    text34       055F
__end_of_main                                   maintext     065E
__end_of_ms_timer_get                           text23       0592
__end_of_ms_timer_init                          text22       05B7
__end_of_ms_timer_reset                         text21       0576
__end_of_ms_timer_task                          text1        05F6
__end_of_reset_clk_1                            text19       0437
__end_of_reset_clk_2                            text18       043E
__end_of_reset_clk_3                            text16       0445
__end_of_reset_clk_4                            text14       044C
__end_of_reset_reset_matrix                     text13       0453
__end_of_set_PORTA_pins                         text9        049E
__end_of_set_PORTC_pins                         text7        04A6
__end_of_set_PORTD_pins                         text4        0429
__end_of_set_PORTE_pins                         text12       0496
__end_of_set_clk_1                              text11       045A
__end_of_set_clk_2                              text10       0461
__end_of_set_clk_3                              text8        0468
__end_of_set_clk_4                              text6        046F
__end_of_set_reset_matrix                       text5        0476
__end_of_set_row_pattern                        text3        04AE
__initialization                                cinit        07D8
__pbssBANK0                                     bssBANK0     0020
__pbssCOMMON                                    bssCOMMON    0078
__pcstackBANK0                                  cstackBANK0  0065
__pcstackCOMMON                                 cstackCOMMON 0071
__pdataBANK0                                    dataBANK0    0051
__pdataCOMMON                                   dataCOMMON   007A
__pidataBANK0                                   idataBANK0   04FB
__pidataCOMMON                                  idataCOMMON  0410
__pintentry                                     intentry     0004
__pmaintext                                     maintext     05F6
__pnvBANK0                                      nvBANK0      0063
__ptext1                                        text1        05B7
__ptext10                                       text10       045A
__ptext11                                       text11       0453
__ptext12                                       text12       048E
__ptext13                                       text13       044C
__ptext14                                       text14       0445
__ptext15                                       text15       0486
__ptext16                                       text16       043E
__ptext17                                       text17       047E
__ptext18                                       text18       0437
__ptext19                                       text19       0430
__ptext2                                        text2        065E
__ptext20                                       text20       0476
__ptext21                                       text21       055F
__ptext22                                       text22       0592
__ptext23                                       text23       0576
__ptext24                                       text24       041D
__ptext25                                       text25       0417
__ptext26                                       text26       0429
__ptext27                                       text27       0412
__ptext28                                       text28       050D
__ptext29                                       text29       04C8
__ptext3                                        text3        04A6
__ptext30                                       text30       04ED
__ptext31                                       text31       04BF
__ptext32                                       text32       04DF
__ptext33                                       text33       04D1
__ptext34                                       text34       0549
__ptext35                                       text35       0533
__ptext36                                       text36       040E
__ptext37                                       text37       04B6
__ptext4                                        text4        0423
__ptext5                                        text5        046F
__ptext6                                        text6        0468
__ptext7                                        text7        049E
__ptext8                                        text8        0461
__ptext9                                        text9        0496
_blank_array                                    bssBANK0     0041
_btn_A_flag                                     bssBANK0     0038
_btn_B_flag                                     bssBANK0     0037
_button_A                                       text27       0412
_button_B                                       text26       0429
_clear_PORTA_pins                               text17       047E
_clear_PORTC_pins                               text15       0486
_clear_PORTE_pins                               text20       0476
_display_multiplexer_set_green_array            text25       0417
_display_multiplexer_set_red_array              text24       041D
_display_multiplexer_task                       text2        065E
_frame_complete_flag                            bssBANK0     003B
_global_time                                    bssBANK0     0034
_green_array_1                                  bssBANK0     003E
_green_array_1_next                             nvBANK0      0063
_green_index                                    bssBANK0     003C
_horizontal_index                               bssCOMMON    0079
_isr                                            text34       0549
_k_array                                        dataBANK0    0053
_last_timer_hndl                                bssCOMMON    0078
_load_count                                     dataBANK0    0051
_main                                           maintext     05F6
_mltplxr_state                                  bssBANK0     0040
_ms_timer_get                                   text23       0576
_ms_timer_init                                  text22       0592
_ms_timer_reset                                 text21       055F
_ms_timer_task                                  text1        05B7
_pulse_timer_handle                             dataCOMMON   007A
_red_array_1                                    bssBANK0     003F
_red_array_1_next                               nvBANK0      0064
_red_index                                      bssBANK0     003D
_reset_clk_1                                    text19       0430
_reset_clk_2                                    text18       0437
_reset_clk_3                                    text16       043E
_reset_clk_4                                    text14       0445
_reset_pulse_flag                               bssBANK0     003A
_reset_reset_matrix                             text13       044C
_set_PORTA_pins                                 text9        0496
_set_PORTC_pins                                 text7        049E
_set_PORTD_pins                                 text4        0423
_set_PORTE_pins                                 text12       048E
_set_clk_1                                      text11       0453
_set_clk_2                                      text10       045A
_set_clk_3                                      text8        0461
_set_clk_4                                      text6        0468
_set_reset_matrix                               text5        046F
_set_row_pattern                                text3        04A6
_timer_cnt_array                                bssBANK0     0020
_timer_handle                                   dataCOMMON   007B
_timer_increment_flg                            bssBANK0     0036
btemp                                           (abs)        007E
clear_PORTA_pins@bit_field                      cstackCOMMON 0073
clear_PORTC_pins@bit_field                      cstackCOMMON 0073
clear_PORTE_pins@bit_field                      cstackCOMMON 0073
clear_ram0                                      clrtext      04AE
display_multiplexer_set_green_array@data_buffer cstackCOMMON 0073
display_multiplexer_set_red_array@data_buffer   cstackCOMMON 0073
end_of_initialization                           cinit        07FC
init_fetch0                                     inittext     0520
init_ram0                                       inittext     0524
interrupt_function                              intentry     0004
intlevel0                                       functab      0000
intlevel1                                       functab      0000
intlevel2                                       functab      0000
intlevel3                                       functab      0000
intlevel4                                       functab      0000
intlevel5                                       functab      0000
ms_timer_get@timer_handle                       cstackBANK0  0065
ms_timer_init@ret_val                           cstackCOMMON 0075
ms_timer_reset@timer_handle                     cstackCOMMON 0075
ms_timer_task@i                                 cstackCOMMON 0074
reset_vec                                       reset_vec    0000
saved_w                                         (abs)        007E
set_PORTA_pins@bit_field                        cstackCOMMON 0073
set_PORTC_pins@bit_field                        cstackCOMMON 0073
set_PORTD_pins@bit_field                        cstackCOMMON 0073
set_PORTE_pins@bit_field                        cstackCOMMON 0073
set_row_pattern@pattern                         cstackCOMMON 0074
start                                           init         000C
start_initialization                            cinit        07D8
wtemp0                                          (abs)        007E


MODULE INFORMATION

Module		Function		Class		Link	Load	Size
System/GPIO_driver.c
		_PORTE_config  		CODE           	04C8	0000	9
		_set_PORTA_pins		CODE           	0496	0000	8
		_set_PORTC_pins		CODE           	049E	0000	8
		_set_PORTD_pins		CODE           	0423	0000	6
		_set_PORTE_pins		CODE           	048E	0000	8
		_PORTA_config  		CODE           	04D1	0000	14
		_PORTB_config  		CODE           	04DF	0000	14
		_clear_PORTA_pins		CODE           	047E	0000	8
		_clear_PORTC_pins		CODE           	0486	0000	8
		_clear_PORTE_pins		CODE           	0476	0000	8
		_PORTC_config  		CODE           	04BF	0000	9
		_PORTB_int_isr 		CODE           	04B6	0000	9
		_PORTD_config  		CODE           	04ED	0000	14

System/GPIO_driver.c estimated size: 123

System/Timer1_driver.c
		_ms_timer_reset		CODE           	055F	0000	23
		_Timer1_isr    		CODE           	0533	0000	22
		_Timer1_config 		CODE           	050D	0000	19
		_ms_timer_get  		CODE           	0576	0000	28
		_ms_timer_task 		CODE           	05B7	0000	63
		_ms_timer_init 		CODE           	0592	0000	37

System/Timer1_driver.c estimated size: 192

shared
		__initialization		CODE           	07D8	0000	36

shared estimated size: 36

Drivers/button_inputs.c
		_button_A      		CODE           	0412	0000	5
		_button_B      		CODE           	0429	0000	7

Drivers/button_inputs.c estimated size: 12

main.c
		_main          		CODE           	05F6	0000	104
		_isr           		CODE           	0549	0000	22

main.c estimated size: 126

Drivers/display_multiplexer.c
		_reset_reset_matrix		CODE           	044C	0000	7
		_display_multiplexer_task		CODE           	065E	0000	378
		_set_reset_matrix		CODE           	046F	0000	7
		_set_clk_1     		CODE           	0453	0000	7
		_set_clk_2     		CODE           	045A	0000	7
		_set_clk_3     		CODE           	0461	0000	7
		_set_clk_4     		CODE           	0468	0000	7
		_display_multiplexer_set_red_array		CODE           	041D	0000	6
		_display_multiplexer_set_green_array		CODE           	0417	0000	6
		_reset_clk_1   		CODE           	0430	0000	7
		_reset_clk_2   		CODE           	0437	0000	7
		_reset_clk_3   		CODE           	043E	0000	7
		_reset_clk_4   		CODE           	0445	0000	7
		_set_row_pattern		CODE           	04A6	0000	8

Drivers/display_multiplexer.c estimated size: 468

System/Timer0_driver.c
		_Timer0_isr    		CODE           	040E	0000	2

System/Timer0_driver.c estimated size: 2

